Router>

Router>enable

Router#config t

Enter configuration commands, one per line. End with CNTL/Z.

Router(config)#int fa0/1

Router(config-if)#ip address 192.168.0.1 255.255.255.0

Router(config-if)#no shut

Router(config-if)#

Router(config-if)#exit

Router(config)#int f0/0

Router(config-if)#ip address 10.0.0.1 255.0.0.0

Router(config-if)#no shut

Router(config-if)#

Router(config-if)#exit

Router(config)#

%LINEPROTO-5-UPDOWN: Line protocol on Interface FastEthernet0/1, changed state to up

Router(config)#

Router(config)#router rip

Router(config-router)#network 10.0.0.0

Router(config-router)#network 192.168.0.0

Router(config-router)#exit

Router(config)#

Router 1

Router>

Router>

Router>enable

Router#confg t

^

% Invalid input detected at '^' marker.

Router#config t

Enter configuration commands, one per line. End with CNTL/Z.

Router(config)#int fa0/0

Router(config-if)#ip address 192.168.0.2

% Incomplete command.

Router(config-if)#ip address 192.168.0.2 255.255.255.0

Router(config-if)#no shut

Router(config-if)#

Router(config-if)#exit

Router(config)#int fa0/1

Router(config-if)#ip address 20.0.0.1 255.0.0.0

Router(config-if)#o shuit

^

% Invalid input detected at '^' marker.

Router(config-if)#no shuit

Router(config-if)#exit

Router(config)#router rip

Router(config-router)#network 192.168.0.0

Router(config-router)#exit

Router(config)#router rip

Router(config-router)#network 20.0.0.0

Router(config-router)#exit

Router(config)#exit

Router#

Router#

Router#

Router#

Router#config t

Enter configuration commands, one per line. End with CNTL/Z.

Router(config)#int fa0/1

Router(config-if)#ip address 20.0.0.1 255.0.0.0

Router(config-if)#no shut

Router(config-if)#

%LINK-5-CHANGED: Interface FastEthernet0/1, changed state to up

%LINEPROTO-5-UPDOWN: Line protocol on Interface FastEthernet0/1, changed state to up

Router(config-if)#

Router(config-if)#exit

Router(config)#router ri[

^

% Invalid input detected at '^' marker.

Router(config)#router rip

Router(config-router)#netwrok 20.0.0.0

^

% Invalid input detected at '^' marker.

Router(config-router)#network 20.0.0.0

Router(config-router)#exit

Router(config)#exit

Router#

ACL applying

Router#config t

Enter configuration commands, one per line. End with CNTL/Z.

Router(config)#access-list 10 deny host 10.0.0.2

Router(config)#access-list permit any

^

% Invalid input detected at '^' marker.

Router(config)#access-list 10 permit any

Router(config)#int fa0/0

Router(config-if)#ip access-group 10 in

Router(config-if)#exit

Router(config)#exit

Router#

%SYS-5-CONFIG_I: Configured from console by console

Router#show ip access-lists

Standard IP access list 10

10 deny host 10.0.0.2

20 permit any (1 match(es))

Router#
